[ivfixer.com/index.html]
[backblue.gif]
[fade.gif]
[index.html]
[ivfixer.com/assets/img/favi.png]
[ivfixer.com/index-2.html]
[ivfixer.com/assets/img/logo.png]
[ivfixer.com/assets/img/fixerlogo.png]
[ivfixer.com/services.html]
[ivfixer.com/product.html]
[ivfixer.com/about.html]
[ivfixer.com/blog.html]
[ivfixer.com/contact.html]
[ivfixer.com/assets/img/fixer.png]
[ivfixer.com/upload/c11.jpg]
[ivfixer.com/upload/s1.jpg]
[ivfixer.com/upload/p31.jpg]
[ivfixer.com/upload/p51.jpg]
[ivfixer.com/upload/csk1.png]
[ivfixer.com/upload/selftapping1.png]
[ivfixer.com/upload/d11.jpg]
[ivfixer.com/upload/d21.jpg]
[ivfixer.com/upload/d31.jpg]
[ivfixer.com/upload/d41.jpg]
[ivfixer.com/upload/d61.jpg]
[ivfixer.com/upload/d71.jpg]
[ivfixer.com/upload/d81.jpg]
[ivfixer.com/upload/flat-packer1.jpg]
[ivfixer.com/upload/e11.jpg]
[ivfixer.com/upload/f11.jpg]
[ivfixer.com/upload/g11.jpg]
[ivfixer.com/upload/h11.jpg]
[ivfixer.com/upload/i11.jpg]
[ivfixer.com/upload/j11.jpg]
[ivfixer.com/upload/k11.jpg]
[ivfixer.com/upload/popup-1.jpg]
[ivfixer.com/upload/ROLLER-1.png]
[ivfixer.com/upload/L-bracket-1.jpg]
[ivfixer.com/upload/11.jpg]
[ivfixer.com/upload/l11.jpg]
[ivfixer.com/upload/thermoplastic-elastomer-gaskets-500x500 (1).jpg]
[ivfixer.com/upload/epdm1.jpg]
[ivfixer.com/p140ac.html]
[ivfixer.com/p1f62c.html]
[ivfixer.com/p1cdef.html]
[ivfixer.com/p11e35.html]
[ivfixer.com/p1ab5e.html]
[ivfixer.com/p11a85.html]
[ivfixer.com/p16396.html]
[ivfixer.com/p12580.html]
[ivfixer.com/p1a916.html]
[ivfixer.com/p198dc.html]
[ivfixer.com/p1bb33.html]
[ivfixer.com/p14944.html]
[ivfixer.com/p12568.html]
[ivfixer.com/p19421.html]
[ivfixer.com/p10c98.html]
[ivfixer.com/p17d36.html]
[ivfixer.com/p1fddb.html]
[ivfixer.com/p13ca5.html]
[ivfixer.com/p11e85.html]
[ivfixer.com/p1a9e4.html]
[ivfixer.com/p1adbc.html]
[ivfixer.com/p18431.html]
[ivfixer.com/p123df.html]
[ivfixer.com/p1e27e.html]
[ivfixer.com/p1d8c4.html]
[ivfixer.com/p1850a.html]
[ivfixer.com/p1619c.html]
[ivfixer.com/p13221.html]
[ivfixer.com/assets/img/abt.jpg]
[ivfixer.com/img/spin.html]
[ivfixer.com/assets/img/001.png]
[ivfixer.com/assets/img/003.png]
[ivfixer.com/assets/img/005.png]
[ivfixer.com/assets/img/007.png]
[ivfixer.com/assets/img/008.png]
[ivfixer.com/assets/img/009.png]
[ivfixer.com/assets/img/010.png]
[ivfixer.com/assets/img/011.png]
[ivfixer.com/assets/img/012.png]
[ivfixer.com/assets/img/013.png]
[ivfixer.com/assets/img/014.png]
[ivfixer.com/assets/img/015.png]
[ivfixer.com/assets/img/016.png]
[ivfixer.com/assets/img/017.png]
[ivfixer.com/assets/img/018.png]
[ivfixer.com/assets/img/019.png]
[ivfixer.com/assets/img/021.png]
[ivfixer.com/assets/js/jquery.min.js]
[ivfixer.com/assets/bootstrap/js/bootstrap.min.js]
[ivfixer.com/assets/js/product-filter.js]
[ivfixer.com/assets/js/Animated-Number-element.js]
[ivfixer.com/assets/js/client-slider.js]
[ivfixer.com/assets/js/jssor.slider.js]
[ivfixer.com/index.html]
[ivfixer.com/assets/bootstrap/css/bootstrap.min.css]
[ivfixer.com/assets/fonts/fontawesome-webfont.eot]
[ivfixer.com/assets/fonts/fontawesome-webfont.woff2]
[ivfixer.com/assets/fonts/fontawesome-webfontd41d.eot]
[ivfixer.com/assets/fonts/fontawesome-webfont.woff]
[ivfixer.com/assets/fonts/fontawesome-webfont.ttf]
[ivfixer.com/assets/fonts/font-awesome.min.css]
[ivfixer.com/assets/img/line.png]
[ivfixer.com/assets/img/1.png]
[ivfixer.com/assets/css/pexels-photo-289665.html]
[ivfixer.com/assets/css/11.html]
[ivfixer.com/assets/img/slide3.png]
[ivfixer.com/assets/img/slide2.png]
[ivfixer.com/assets/img/slide1.png]
[ivfixer.com/assets/css/styles.css]
[ivfixer.com/index-2.html]
[ivfixer.com/services.html]
[ivfixer.com/product.html]
[ivfixer.com/favicon.html]
[ivfixer.com/assets/img/abt-1.jpg]
[ivfixer.com/assets/img/abt-3.jpg]
[ivfixer.com/assets/img/abt-4.jpg]
[ivfixer.com/assets/img/abt-6.jpg]
[ivfixer.com/assets/img/abt-2.png]
[ivfixer.com/assets/js/product-slider.js]
[ivfixer.com/about.html]
[ivfixer.com/blog.html]
[ivfixer.com/contact.html]
[ivfixer.com/upload/c12.jpg]
[ivfixer.com/upload/c13.jpg]
[ivfixer.com/upload/c14.jpg]
[ivfixer.com/upload/fixer.png]
[ivfixer.com/p140ac.html]
[ivfixer.com/upload/s2.jpg]
[ivfixer.com/upload/s3.jpg]
[ivfixer.com/p1f62c.html]
[ivfixer.com/upload/p32.jpg]
[ivfixer.com/upload/p33.jpg]
[ivfixer.com/p1cdef.html]
[ivfixer.com/upload/p52.jpg]
[ivfixer.com/upload/p55.jpg]
[ivfixer.com/p11e35.html]
[ivfixer.com/upload/csk2.png]
[ivfixer.com/upload/csk3.png]
[ivfixer.com/p1ab5e.html]
[ivfixer.com/upload/selftapping2.png]
[ivfixer.com/p11a85.html]
[ivfixer.com/upload/d12.jpg]
[ivfixer.com/p16396.html]
[ivfixer.com/upload/d22.jpg]
[ivfixer.com/p12580.html]
[ivfixer.com/upload/d32.jpg]
[ivfixer.com/p1a916.html]
[ivfixer.com/upload/d42.jpg]
[ivfixer.com/upload/d43.jpg]
[ivfixer.com/p198dc.html]
[ivfixer.com/upload/d62.jpg]
[ivfixer.com/p1bb33.html]
[ivfixer.com/upload/d72.jpg]
[ivfixer.com/p14944.html]
[ivfixer.com/upload/d82.jpg]
[ivfixer.com/p12568.html]
[ivfixer.com/upload/flat-packer-2.jpg]
[ivfixer.com/p19421.html]
[ivfixer.com/upload/e12.jpg]
[ivfixer.com/p10c98.html]
[ivfixer.com/upload/f22.jpg]
[ivfixer.com/p17d36.html]
[ivfixer.com/upload/g12.jpg]
[ivfixer.com/p1fddb.html]
[ivfixer.com/upload/h12.jpg]
[ivfixer.com/upload/h13.jpg]
[ivfixer.com/p13ca5.html]
[ivfixer.com/upload/i12.jpg]
[ivfixer.com/p11e85.html]
[ivfixer.com/upload/j12.jpg]
[ivfixer.com/p1a9e4.html]
[ivfixer.com/upload/k12.jpg]
[ivfixer.com/upload/k13.jpg]
[ivfixer.com/p1adbc.html]
[ivfixer.com/upload/popup-2.jpg]
[ivfixer.com/p18431.html]
[ivfixer.com/upload/ROLLER2.jpg]
[ivfixer.com/p123df.html]
[ivfixer.com/upload/l-bracket-2.jpg]
[ivfixer.com/p1e27e.html]
[ivfixer.com/upload/s-l300.jpg]
[ivfixer.com/p1d8c4.html]
[ivfixer.com/upload/l12.jpg]
[ivfixer.com/p1850a.html]
[ivfixer.com/upload/thermoplastic-elastomer-gaskets-500x500 (2).jpg]
[ivfixer.com/upload/thermoplastic-elastomer-gaskets-500x500.jpg]
[ivfixer.com/p1619c.html]
[ivfixer.com/upload/epdm2.jpg]
[ivfixer.com/upload/epdm3.jpg]
[ivfixer.com/p13221.html]
[ivfixer.com/img/assets/img/favi.html]
[ivfixer.com/img/assets/bootstrap/css/bootstrap.min.html]
[ivfixer.com/img/assets/fonts/font-awesome.min.html]
[ivfixer.com/img/assets/css/styles.html]
[ivfixer.com/img/index.html]
[ivfixer.com/img/assets/img/logo.html]
[ivfixer.com/img/assets/img/fixerlogo.html]
[ivfixer.com/img/services.html]
[ivfixer.com/img/product.html]
[ivfixer.com/img/about.html]
[ivfixer.com/img/blog.html]
[ivfixer.com/img/contact.html]
[ivfixer.com/img/assets/img/fixer.html]
[ivfixer.com/img/upload/c11.html]
[ivfixer.com/img/upload/s1.html]
[ivfixer.com/img/upload/p31.html]
[ivfixer.com/img/upload/p51.html]
[ivfixer.com/img/upload/csk1.html]
[ivfixer.com/img/upload/selftapping1.html]
[ivfixer.com/img/upload/d11.html]
[ivfixer.com/img/upload/d21.html]
[ivfixer.com/img/upload/d31.html]
[ivfixer.com/img/upload/d41.html]
[ivfixer.com/img/upload/d61.html]
[ivfixer.com/img/upload/d71.html]
[ivfixer.com/img/upload/d81.html]
[ivfixer.com/img/upload/flat-packer1.html]
[ivfixer.com/img/upload/e11.html]
[ivfixer.com/img/upload/f11.html]
[ivfixer.com/img/upload/g11.html]
[ivfixer.com/img/upload/h11.html]
[ivfixer.com/img/upload/i11.html]
[ivfixer.com/img/upload/j11.html]
[ivfixer.com/img/upload/k11.html]
[ivfixer.com/img/upload/popup-1.html]
[ivfixer.com/img/upload/ROLLER-1.html]
[ivfixer.com/img/upload/L-bracket-1.html]
[ivfixer.com/img/upload/11.html]
[ivfixer.com/img/upload/l11.html]
[ivfixer.com/img/upload/thermoplastic-elastomer-gaskets-500x500 (1).html]
[ivfixer.com/img/upload/epdm1.html]
[ivfixer.com/img/p140ac.html]
[ivfixer.com/img/p1f62c.html]
[ivfixer.com/img/p1cdef.html]
[ivfixer.com/img/p11e35.html]
[ivfixer.com/img/p1ab5e.html]
[ivfixer.com/img/p11a85.html]
[ivfixer.com/img/p16396.html]
[ivfixer.com/img/p12580.html]
[ivfixer.com/img/p1a916.html]
[ivfixer.com/img/p198dc.html]
[ivfixer.com/img/p1bb33.html]
[ivfixer.com/img/p14944.html]
[ivfixer.com/img/p12568.html]
[ivfixer.com/img/p19421.html]
[ivfixer.com/img/p10c98.html]
[ivfixer.com/img/p17d36.html]
[ivfixer.com/img/p1fddb.html]
[ivfixer.com/img/p13ca5.html]
[ivfixer.com/img/p11e85.html]
[ivfixer.com/img/p1a9e4.html]
[ivfixer.com/img/p1adbc.html]
[ivfixer.com/img/p18431.html]
[ivfixer.com/img/p123df.html]
[ivfixer.com/img/p1e27e.html]
[ivfixer.com/img/p1d8c4.html]
[ivfixer.com/img/p1850a.html]
[ivfixer.com/img/p1619c.html]
[ivfixer.com/img/p13221.html]
[ivfixer.com/img/assets/img/abt.html]
[ivfixer.com/img/img/spin.html]
[ivfixer.com/img/assets/img/001.html]
[ivfixer.com/img/assets/img/003.html]
[ivfixer.com/img/assets/img/005.html]
[ivfixer.com/img/assets/img/007.html]
[ivfixer.com/img/assets/img/008.html]
[ivfixer.com/img/assets/img/009.html]
[ivfixer.com/img/assets/img/010.html]
[ivfixer.com/img/assets/img/011.html]
[ivfixer.com/img/assets/img/012.html]
[ivfixer.com/img/assets/img/013.html]
[ivfixer.com/img/assets/img/014.html]
[ivfixer.com/img/assets/img/015.html]
[ivfixer.com/img/assets/img/016.html]
[ivfixer.com/img/assets/img/017.html]
[ivfixer.com/img/assets/img/018.html]
[ivfixer.com/img/assets/img/019.html]
[ivfixer.com/img/assets/img/021.html]
[ivfixer.com/img/assets/js/jquery.min.html]
[ivfixer.com/img/assets/bootstrap/js/bootstrap.min.html]
[ivfixer.com/img/assets/js/product-filter.html]
[ivfixer.com/img/assets/js/Animated-Number-element.html]
[ivfixer.com/img/assets/js/client-slider.html]
[ivfixer.com/img/assets/js/jssor.slider.html]
[ivfixer.com/img/spin.html]
[ivfixer.com/assets/fonts/fontawesome-webfont.svg]
[ivfixer.com/assets/css/assets/img/favi.html]
[ivfixer.com/assets/css/assets/bootstrap/css/bootstrap.min.html]
[ivfixer.com/assets/css/assets/fonts/font-awesome.min.html]
[ivfixer.com/assets/css/assets/css/styles.html]
[ivfixer.com/assets/css/index.html]
[ivfixer.com/assets/css/assets/img/logo.html]
[ivfixer.com/assets/css/assets/img/fixerlogo.html]
[ivfixer.com/assets/css/services.html]
[ivfixer.com/assets/css/product.php]
[ivfixer.com/assets/css/pexels-photo-289665.html]
[ivfixer.com/assets/css/about.html]
[ivfixer.com/assets/css/blog.html]
[ivfixer.com/assets/css/contact.php]
[ivfixer.com/assets/css/11.html]
[ivfixer.com/favicon.html]
[ivfixer.com/img/assets/img/assets/img/favi.html]
[ivfixer.com/img/assets/img/assets/bootstrap/css/bootstrap.min.html]
[ivfixer.com/img/assets/img/assets/fonts/font-awesome.min.html]
[ivfixer.com/img/assets/img/assets/css/styles.html]
[ivfixer.com/img/assets/img/favi.html]
[ivfixer.com/img/assets/bootstrap/css/bootstrap.min.html]
[ivfixer.com/img/assets/fonts/font-awesome.min.html]
[ivfixer.com/img/assets/css/styles.html]
[ivfixer.com/img/index.html]
[ivfixer.com/img/assets/img/logo.html]
[ivfixer.com/img/assets/img/fixerlogo.html]
[ivfixer.com/img/services.html]
[ivfixer.com/img/product.html]
[ivfixer.com/img/about.html]
[ivfixer.com/img/blog.html]
[ivfixer.com/img/contact.html]
[ivfixer.com/img/assets/img/fixer.html]
[ivfixer.com/img/upload/c11.html]
[ivfixer.com/img/upload/s1.html]
[ivfixer.com/img/upload/p31.html]
[ivfixer.com/img/upload/p51.html]
[ivfixer.com/img/upload/csk1.html]
[ivfixer.com/img/upload/selftapping1.html]
[ivfixer.com/img/upload/d11.html]
[ivfixer.com/img/upload/d21.html]
[ivfixer.com/img/upload/d31.html]
[ivfixer.com/img/upload/d41.html]
[ivfixer.com/img/upload/d61.html]
[ivfixer.com/img/upload/d71.html]
[ivfixer.com/img/upload/d81.html]
[ivfixer.com/img/upload/flat-packer1.html]
[ivfixer.com/img/upload/e11.html]
[ivfixer.com/img/upload/f11.html]
[ivfixer.com/img/upload/g11.html]
[ivfixer.com/img/upload/h11.html]
[ivfixer.com/img/upload/i11.html]
[ivfixer.com/img/upload/j11.html]
[ivfixer.com/img/upload/k11.html]
[ivfixer.com/img/upload/popup-1.html]
[ivfixer.com/img/upload/ROLLER-1.html]
[ivfixer.com/img/upload/L-bracket-1.html]
[ivfixer.com/img/upload/11.html]
[ivfixer.com/img/upload/l11.html]
[ivfixer.com/img/upload/thermoplastic-elastomer-gaskets-500x500 (1).html]
[ivfixer.com/img/upload/epdm1.html]
[ivfixer.com/img/p140ac.html]
[ivfixer.com/img/p1f62c.html]
[ivfixer.com/img/p1cdef.html]
[ivfixer.com/img/p11e35.html]
[ivfixer.com/img/p1ab5e.html]
[ivfixer.com/img/p11a85.html]
[ivfixer.com/img/p16396.html]
[ivfixer.com/img/p12580.html]
[ivfixer.com/img/p1a916.html]
[ivfixer.com/img/p198dc.html]
[ivfixer.com/img/p1bb33.html]
[ivfixer.com/img/p14944.html]
[ivfixer.com/img/p12568.html]
[ivfixer.com/img/p19421.html]
[ivfixer.com/img/p10c98.html]
[ivfixer.com/img/p17d36.html]
[ivfixer.com/img/p1fddb.html]
[ivfixer.com/img/p13ca5.html]
[ivfixer.com/img/p11e85.html]
[ivfixer.com/img/p1a9e4.html]
[ivfixer.com/img/p1adbc.html]
[ivfixer.com/img/p18431.html]
[ivfixer.com/img/p123df.html]
[ivfixer.com/img/p1e27e.html]
[ivfixer.com/img/p1d8c4.html]
[ivfixer.com/img/p1850a.html]
[ivfixer.com/img/p1619c.html]
[ivfixer.com/img/p13221.html]
[ivfixer.com/img/assets/img/abt.html]
[ivfixer.com/img/img/spin.html]
[ivfixer.com/img/assets/img/001.html]
[ivfixer.com/img/assets/img/003.html]
[ivfixer.com/img/assets/img/005.html]
[ivfixer.com/img/assets/img/007.html]
[ivfixer.com/img/assets/img/008.html]
[ivfixer.com/img/assets/img/009.html]
[ivfixer.com/img/assets/img/010.html]
[ivfixer.com/img/assets/img/011.html]
[ivfixer.com/img/assets/img/012.html]
[ivfixer.com/img/assets/img/013.html]
[ivfixer.com/img/assets/img/014.html]
[ivfixer.com/img/assets/img/015.html]
[ivfixer.com/img/assets/img/016.html]
[ivfixer.com/img/assets/img/017.html]
[ivfixer.com/img/assets/img/018.html]
[ivfixer.com/img/assets/img/019.html]
[ivfixer.com/img/assets/img/021.html]
[ivfixer.com/img/assets/js/jquery.min.html]
[ivfixer.com/img/assets/bootstrap/js/bootstrap.min.html]
[ivfixer.com/img/assets/js/product-filter.html]
[ivfixer.com/img/assets/js/Animated-Number-element.html]
[ivfixer.com/img/assets/js/client-slider.html]
[ivfixer.com/img/assets/js/jssor.slider.html]
[ivfixer.com/assets/css/assets/img/favi.html]
[ivfixer.com/assets/css/assets/bootstrap/css/bootstrap.min.html]
[ivfixer.com/assets/css/assets/fonts/font-awesome.min.html]
[ivfixer.com/assets/css/assets/css/styles.html]
[ivfixer.com/assets/css/index.html]
[ivfixer.com/assets/css/assets/img/logo.html]
[ivfixer.com/assets/css/assets/img/fixerlogo.html]
[ivfixer.com/assets/css/services.html]
[ivfixer.com/assets/css/product.php]
[ivfixer.com/assets/css/about.html]
[ivfixer.com/assets/css/blog.html]
[ivfixer.com/assets/css/contact.php]
[ivfixer.com/img/assets/img/assets/img/favi.html]
[ivfixer.com/img/assets/img/assets/bootstrap/css/bootstrap.min.html]
[ivfixer.com/img/assets/img/assets/fonts/font-awesome.min.html]
[ivfixer.com/img/assets/img/assets/css/styles.html]
